
  .   ____          _            __ _ _
 /\\ / ___'_ __ _ _(_)_ __  __ _ \ \ \ \
( ( )\___ | '_ | '_| | '_ \/ _` | \ \ \ \
 \\/  ___)| |_)| | | | | || (_| |  ) ) ) )
  '  |____| .__|_| |_|_| |_\__, | / / / /
 =========|_|==============|___/=/_/_/_/

 :: Spring Boot ::                (v3.4.3)

2026-02-15T22:12:36.996+07:00  INFO 1824 --- [order-service] [           main] [                                                 ] com.ecommerce.order.OrderApplication     : Starting OrderApplication v0.0.1-SNAPSHOT using Java 23.0.2 with PID 1824 (C:\Users\sovan\Desktop\Defend Project\fullstack\ecom-applications\order\target\order-0.0.1-SNAPSHOT.jar started by sovan in C:\Users\sovan\Desktop\Defend Project\fullstack\ecom-applications\order)
2026-02-15T22:12:37.006+07:00  INFO 1824 --- [order-service] [           main] [                                                 ] com.ecommerce.order.OrderApplication     : No active profile set, falling back to 1 default profile: "default"
2026-02-15T22:12:37.125+07:00  INFO 1824 --- [order-service] [           main] [                                                 ] o.s.c.c.c.ConfigServerConfigDataLoader   : Fetching config from server at : http://localhost:8888
2026-02-15T22:12:37.127+07:00  INFO 1824 --- [order-service] [           main] [                                                 ] o.s.c.c.c.ConfigServerConfigDataLoader   : Located environment: name=order-service, profiles=[default], label=null, version=null, state=null
2026-02-15T22:12:39.843+07:00  INFO 1824 --- [order-service] [           main] [                                                 ] .s.d.r.c.RepositoryConfigurationDelegate : Bootstrapping Spring Data JPA repositories in DEFAULT mode.
2026-02-15T22:12:40.065+07:00  INFO 1824 --- [order-service] [           main] [                                                 ] .s.d.r.c.RepositoryConfigurationDelegate : Finished Spring Data repository scanning in 202 ms. Found 9 JPA repository interfaces.
2026-02-15T22:12:40.489+07:00  INFO 1824 --- [order-service] [           main] [                                                 ] faultConfiguringBeanFactoryPostProcessor : No bean named 'errorChannel' has been explicitly defined. Therefore, a default PublishSubscribeChannel will be created.
2026-02-15T22:12:40.503+07:00  INFO 1824 --- [order-service] [           main] [                                                 ] faultConfiguringBeanFactoryPostProcessor : No bean named 'integrationHeaderChannelRegistry' has been explicitly defined. Therefore, a default DefaultHeaderChannelRegistry will be created.
2026-02-15T22:12:40.872+07:00  INFO 1824 --- [order-service] [           main] [                                                 ] o.s.cloud.context.scope.GenericScope     : BeanFactory id=ee48a80b-bfe7-34f1-87bc-a636ba2a01cf
2026-02-15T22:12:43.431+07:00  INFO 1824 --- [order-service] [           main] [                                                 ] o.s.b.w.embedded.tomcat.TomcatWebServer  : Tomcat initialized with port 8083 (http)
2026-02-15T22:12:43.467+07:00  INFO 1824 --- [order-service] [           main] [                                                 ] o.apache.catalina.core.StandardService   : Starting service [Tomcat]
2026-02-15T22:12:43.468+07:00  INFO 1824 --- [order-service] [           main] [                                                 ] o.apache.catalina.core.StandardEngine    : Starting Servlet engine: [Apache Tomcat/10.1.36]
2026-02-15T22:12:43.525+07:00  INFO 1824 --- [order-service] [           main] [                                                 ] o.a.c.c.C.[Tomcat].[localhost].[/]       : Initializing Spring embedded WebApplicationContext
2026-02-15T22:12:43.527+07:00  INFO 1824 --- [order-service] [           main] [                                                 ] w.s.c.ServletWebServerApplicationContext : Root WebApplicationContext: initialization completed in 6396 ms
2026-02-15T22:12:45.633+07:00  INFO 1824 --- [order-service] [           main] [                                                 ] o.hibernate.jpa.internal.util.LogHelper  : HHH000204: Processing PersistenceUnitInfo [name: default]
2026-02-15T22:12:45.758+07:00  INFO 1824 --- [order-service] [           main] [                                                 ] org.hibernate.Version                    : HHH000412: Hibernate ORM core version 6.6.8.Final
2026-02-15T22:12:45.817+07:00  INFO 1824 --- [order-service] [           main] [                                                 ] o.h.c.internal.RegionFactoryInitiator    : HHH000026: Second-level cache disabled
2026-02-15T22:12:46.247+07:00  INFO 1824 --- [order-service] [           main] [                                                 ] o.s.o.j.p.SpringPersistenceUnitInfo      : No LoadTimeWeaver setup: ignoring JPA class transformer
2026-02-15T22:12:46.311+07:00  INFO 1824 --- [order-service] [           main] [                                                 ] com.zaxxer.hikari.HikariDataSource       : HikariPool-1 - Starting...
2026-02-15T22:12:46.788+07:00  INFO 1824 --- [order-service] [           main] [                                                 ] com.zaxxer.hikari.pool.HikariPool        : HikariPool-1 - Added connection org.postgresql.jdbc.PgConnection@24c94e95
2026-02-15T22:12:46.792+07:00  INFO 1824 --- [order-service] [           main] [                                                 ] com.zaxxer.hikari.HikariDataSource       : HikariPool-1 - Start completed.
2026-02-15T22:12:46.890+07:00  WARN 1824 --- [order-service] [           main] [                                                 ] org.hibernate.orm.deprecation            : HHH90000025: PostgreSQLDialect does not need to be specified explicitly using 'hibernate.dialect' (remove the property setting and it will be selected by default)
2026-02-15T22:12:46.952+07:00  INFO 1824 --- [order-service] [           main] [                                                 ] org.hibernate.orm.connections.pooling    : HHH10001005: Database info:
	Database JDBC URL [Connecting through datasource 'HikariDataSource (HikariPool-1)']
	Database driver: undefined/unknown
	Database version: 14.19
	Autocommit mode: undefined/unknown
	Isolation level: undefined/unknown
	Minimum pool size: undefined/unknown
	Maximum pool size: undefined/unknown
2026-02-15T22:12:48.882+07:00  INFO 1824 --- [order-service] [           main] [                                                 ] o.h.e.t.j.p.i.JtaPlatformInitiator       : HHH000489: No JTA platform available (set 'hibernate.transaction.jta.platform' to enable JTA platform integration)
2026-02-15T22:12:49.325+07:00  INFO 1824 --- [order-service] [           main] [                                                 ] j.LocalContainerEntityManagerFactoryBean : Initialized JPA EntityManagerFactory for persistence unit 'default'
2026-02-15T22:12:50.199+07:00  INFO 1824 --- [order-service] [           main] [                                                 ] o.s.d.j.r.query.QueryEnhancerFactory     : Hibernate is in classpath; If applicable, HQL parser will be used.
2026-02-15T22:12:53.859+07:00  WARN 1824 --- [order-service] [           main] [                                                 ] JpaBaseConfiguration$JpaWebConfiguration : spring.jpa.open-in-view is enabled by default. Therefore, database queries may be performed during view rendering. Explicitly configure spring.jpa.open-in-view to disable this warning
2026-02-15T22:12:57.211+07:00  INFO 1824 --- [order-service] [           main] [                                                 ] o.s.c.s.m.DirectWithAttributesChannel    : Channel 'order-service.springCloudBusInput' has 1 subscriber(s).
2026-02-15T22:12:58.031+07:00  INFO 1824 --- [order-service] [           main] [                                                 ] DiscoveryClientOptionalArgsConfiguration : Eureka HTTP Client uses RestTemplate.
2026-02-15T22:12:58.228+07:00  WARN 1824 --- [order-service] [           main] [                                                 ] iguration$LoadBalancerCaffeineWarnLogger : Spring Cloud LoadBalancer is currently working with the default cache. While this cache implementation is useful for development and tests, it's recommended to use Caffeine cache in production.You can switch to using Caffeine cache, by adding it and org.springframework.cache.caffeine.CaffeineCacheManager to the classpath.
2026-02-15T22:12:58.257+07:00  INFO 1824 --- [order-service] [           main] [                                                 ] o.s.b.a.e.web.EndpointLinksResolver      : Exposing 36 endpoints beneath base path '/actuator'
2026-02-15T22:12:58.611+07:00  INFO 1824 --- [order-service] [           main] [                                                 ] o.s.i.endpoint.EventDrivenConsumer       : Adding {logging-channel-adapter:_org.springframework.integration.errorLogger} as a subscriber to the 'errorChannel' channel
2026-02-15T22:12:58.613+07:00  INFO 1824 --- [order-service] [           main] [                                                 ] o.s.i.channel.PublishSubscribeChannel    : Channel 'order-service.errorChannel' has 1 subscriber(s).
2026-02-15T22:12:58.615+07:00  INFO 1824 --- [order-service] [           main] [                                                 ] o.s.i.endpoint.EventDrivenConsumer       : started bean '_org.springframework.integration.errorLogger'
2026-02-15T22:12:58.667+07:00  INFO 1824 --- [order-service] [           main] [                                                 ] o.s.c.n.eureka.InstanceInfoFactory       : Setting initial instance status as: STARTING
2026-02-15T22:12:58.750+07:00  INFO 1824 --- [order-service] [           main] [                                                 ] com.netflix.discovery.DiscoveryClient    : Initializing Eureka in region us-east-1
2026-02-15T22:12:58.760+07:00  INFO 1824 --- [order-service] [           main] [                                                 ] c.n.d.s.r.aws.ConfigClusterResolver      : Resolving eureka endpoints via configuration
2026-02-15T22:12:58.783+07:00  INFO 1824 --- [order-service] [           main] [                                                 ] com.netflix.discovery.DiscoveryClient    : Disable delta property : false
2026-02-15T22:12:58.785+07:00  INFO 1824 --- [order-service] [           main] [                                                 ] com.netflix.discovery.DiscoveryClient    : Single vip registry refresh property : null
2026-02-15T22:12:58.785+07:00  INFO 1824 --- [order-service] [           main] [                                                 ] com.netflix.discovery.DiscoveryClient    : Force full registry fetch : false
2026-02-15T22:12:58.786+07:00  INFO 1824 --- [order-service] [           main] [                                                 ] com.netflix.discovery.DiscoveryClient    : Application is null : false
2026-02-15T22:12:58.786+07:00  INFO 1824 --- [order-service] [           main] [                                                 ] com.netflix.discovery.DiscoveryClient    : Registered Applications size is zero : true
2026-02-15T22:12:58.786+07:00  INFO 1824 --- [order-service] [           main] [                                                 ] com.netflix.discovery.DiscoveryClient    : Application version is -1: true
2026-02-15T22:12:58.787+07:00  INFO 1824 --- [order-service] [           main] [                                                 ] com.netflix.discovery.DiscoveryClient    : Getting all instance registry info from the eureka server
2026-02-15T22:12:59.293+07:00  INFO 1824 --- [order-service] [           main] [                                                 ] com.netflix.discovery.DiscoveryClient    : The response status is 200
2026-02-15T22:12:59.301+07:00  INFO 1824 --- [order-service] [           main] [                                                 ] com.netflix.discovery.DiscoveryClient    : Starting heartbeat executor: renew interval is: 30
2026-02-15T22:12:59.310+07:00  INFO 1824 --- [order-service] [           main] [                                                 ] c.n.discovery.InstanceInfoReplicator     : InstanceInfoReplicator onDemand update allowed rate per min is 4
2026-02-15T22:12:59.314+07:00  INFO 1824 --- [order-service] [           main] [                                                 ] com.netflix.discovery.DiscoveryClient    : Discovery Client initialized at timestamp 1771168379314 with initial instances count: 4
2026-02-15T22:12:59.346+07:00  INFO 1824 --- [order-service] [           main] [                                                 ] o.s.c.n.e.s.EurekaServiceRegistry        : Registering application ORDER-SERVICE with eureka with status UP
2026-02-15T22:12:59.349+07:00  INFO 1824 --- [order-service] [           main] [                                                 ] com.netflix.discovery.DiscoveryClient    : Saw local status change event StatusChangeEvent [timestamp=1771168379349, current=UP, previous=STARTING]
2026-02-15T22:12:59.356+07:00  INFO 1824 --- [order-service] [foReplicator-%d] [                                                 ] com.netflix.discovery.DiscoveryClient    : DiscoveryClient_ORDER-SERVICE/Rthjr:order-service:8083: registering service...
2026-02-15T22:12:59.412+07:00  INFO 1824 --- [order-service] [           main] [                                                 ] o.s.b.w.embedded.tomcat.TomcatWebServer  : Tomcat started on port 8083 (http) with context path '/'
2026-02-15T22:12:59.413+07:00  INFO 1824 --- [order-service] [           main] [                                                 ] .s.c.n.e.s.EurekaAutoServiceRegistration : Updating port to 8083
2026-02-15T22:12:59.436+07:00  INFO 1824 --- [order-service] [           main] [                                                 ] o.s.c.s.binder.DefaultBinderFactory      : Creating binder: rabbit
2026-02-15T22:12:59.437+07:00  INFO 1824 --- [order-service] [           main] [                                                 ] o.s.c.s.binder.DefaultBinderFactory      : Constructing binder child context for rabbit
2026-02-15T22:12:59.586+07:00  INFO 1824 --- [order-service] [foReplicator-%d] [                                                 ] com.netflix.discovery.DiscoveryClient    : DiscoveryClient_ORDER-SERVICE/Rthjr:order-service:8083 - registration status: 204
2026-02-15T22:12:59.711+07:00  INFO 1824 --- [order-service] [           main] [                                                 ] o.s.c.s.binder.DefaultBinderFactory      : Caching the binder: rabbit
2026-02-15T22:12:59.820+07:00  INFO 1824 --- [order-service] [           main] [                                                 ] c.s.b.r.p.RabbitExchangeQueueProvisioner : declaring queue for inbound: springCloudBus.anonymous.GOCQytqmTR-ap_Eiqwy9aw, bound to: springCloudBus
2026-02-15T22:12:59.835+07:00  INFO 1824 --- [order-service] [           main] [                                                 ] o.s.a.r.c.CachingConnectionFactory       : Attempting to connect to: [localhost:5672]
2026-02-15T22:13:00.052+07:00  INFO 1824 --- [order-service] [           main] [                                                 ] o.s.a.r.c.CachingConnectionFactory       : Created new connection: rabbitConnectionFactory#2976097f:0/SimpleConnection@2efac41a [delegate=amqp://guest@127.0.0.1:5672/, localPort=59544]
2026-02-15T22:13:00.277+07:00  INFO 1824 --- [order-service] [           main] [                                                 ] o.s.c.stream.binder.BinderErrorChannel   : Channel 'rabbit-1547583268.springCloudBusInput.errors' has 1 subscriber(s).
2026-02-15T22:13:00.280+07:00  INFO 1824 --- [order-service] [           main] [                                                 ] o.s.c.stream.binder.BinderErrorChannel   : Channel 'rabbit-1547583268.springCloudBusInput.errors' has 2 subscriber(s).
2026-02-15T22:13:00.335+07:00  INFO 1824 --- [order-service] [           main] [                                                 ] o.s.i.a.i.AmqpInboundChannelAdapter      : started bean 'inbound.springCloudBus.anonymous.GOCQytqmTR-ap_Eiqwy9aw'
2026-02-15T22:13:00.566+07:00  INFO 1824 --- [order-service] [           main] [                                                 ] com.ecommerce.order.OrderApplication     : Started OrderApplication in 28.18 seconds (process running for 29.34)
Hibernate: select count(*) from orders o1_0
2026-02-15T22:13:01.205+07:00  WARN 1824 --- [order-service] [/api/v2/spans}}] [                                                 ] z.r.i.AsyncReporter$BoundedAsyncReporter : Spans were dropped due to exceptions. All subsequent errors will be logged at FINE level.
2026-02-15T22:13:01.206+07:00  WARN 1824 --- [order-service] [/api/v2/spans}}] [                                                 ] z.r.i.AsyncReporter$BoundedAsyncReporter : Dropped 2 spans due to WebClientRequestException(Connection refused: getsockopt: localhost/127.0.0.1:9411)

org.springframework.web.reactive.function.client.WebClientRequestException: Connection refused: getsockopt: localhost/127.0.0.1:9411
	at org.springframework.web.reactive.function.client.ExchangeFunctions$DefaultExchangeFunction.lambda$wrapException$9(ExchangeFunctions.java:137) ~[spring-webflux-6.2.3.jar!/:6.2.3]
	Suppressed: reactor.core.publisher.FluxOnAssembly$OnAssemblyException: 
Error has been observed at the following site(s):
	*__checkpoint ⇢ Request to POST http://localhost:9411/api/v2/spans [DefaultWebClient]
Original Stack Trace:
		at org.springframework.web.reactive.function.client.ExchangeFunctions$DefaultExchangeFunction.lambda$wrapException$9(ExchangeFunctions.java:137) ~[spring-webflux-6.2.3.jar!/:6.2.3]
		at reactor.core.publisher.MonoErrorSupplied.subscribe(MonoErrorSupplied.java:55) ~[reactor-core-3.7.3.jar!/:3.7.3]
		at reactor.core.publisher.Mono.subscribe(Mono.java:4576) ~[reactor-core-3.7.3.jar!/:3.7.3]
		at reactor.core.publisher.FluxOnErrorResume$ResumeSubscriber.onError(FluxOnErrorResume.java:103) ~[reactor-core-3.7.3.jar!/:3.7.3]
		at reactor.core.publisher.FluxPeek$PeekSubscriber.onError(FluxPeek.java:222) ~[reactor-core-3.7.3.jar!/:3.7.3]
		at reactor.core.publisher.FluxPeek$PeekSubscriber.onError(FluxPeek.java:222) ~[reactor-core-3.7.3.jar!/:3.7.3]
		at reactor.core.publisher.FluxPeek$PeekSubscriber.onError(FluxPeek.java:222) ~[reactor-core-3.7.3.jar!/:3.7.3]
		at reactor.core.publisher.MonoNext$NextSubscriber.onError(MonoNext.java:93) ~[reactor-core-3.7.3.jar!/:3.7.3]
		at reactor.core.publisher.MonoFlatMapMany$FlatMapManyMain.onError(MonoFlatMapMany.java:205) ~[reactor-core-3.7.3.jar!/:3.7.3]
		at reactor.core.publisher.SerializedSubscriber.onError(SerializedSubscriber.java:124) ~[reactor-core-3.7.3.jar!/:3.7.3]
		at reactor.core.publisher.FluxRetryWhen$RetryWhenMainSubscriber.whenError(FluxRetryWhen.java:229) ~[reactor-core-3.7.3.jar!/:3.7.3]
		at reactor.core.publisher.FluxRetryWhen$RetryWhenOtherSubscriber.onError(FluxRetryWhen.java:279) ~[reactor-core-3.7.3.jar!/:3.7.3]
		at reactor.core.publisher.FluxContextWrite$ContextWriteSubscriber.onError(FluxContextWrite.java:121) ~[reactor-core-3.7.3.jar!/:3.7.3]
		at reactor.core.publisher.FluxConcatMapNoPrefetch$FluxConcatMapNoPrefetchSubscriber.maybeOnError(FluxConcatMapNoPrefetch.java:327) ~[reactor-core-3.7.3.jar!/:3.7.3]
		at reactor.core.publisher.FluxConcatMapNoPrefetch$FluxConcatMapNoPrefetchSubscriber.onNext(FluxConcatMapNoPrefetch.java:212) ~[reactor-core-3.7.3.jar!/:3.7.3]
		at reactor.core.publisher.FluxContextWrite$ContextWriteSubscriber.onNext(FluxContextWrite.java:107) ~[reactor-core-3.7.3.jar!/:3.7.3]
		at reactor.core.publisher.SinkManyEmitterProcessor.drain(SinkManyEmitterProcessor.java:476) ~[reactor-core-3.7.3.jar!/:3.7.3]
		at reactor.core.publisher.SinkManyEmitterProcessor$EmitterInner.drainParent(SinkManyEmitterProcessor.java:620) ~[reactor-core-3.7.3.jar!/:3.7.3]
		at reactor.core.publisher.FluxPublish$PubSubInner.request(FluxPublish.java:874) ~[reactor-core-3.7.3.jar!/:3.7.3]
		at reactor.core.publisher.FluxContextWrite$ContextWriteSubscriber.request(FluxContextWrite.java:136) ~[reactor-core-3.7.3.jar!/:3.7.3]
		at reactor.core.publisher.FluxConcatMapNoPrefetch$FluxConcatMapNoPrefetchSubscriber.request(FluxConcatMapNoPrefetch.java:337) ~[reactor-core-3.7.3.jar!/:3.7.3]
		at reactor.core.publisher.FluxContextWrite$ContextWriteSubscriber.request(FluxContextWrite.java:136) ~[reactor-core-3.7.3.jar!/:3.7.3]
		at reactor.core.publisher.Operators$DeferredSubscription.request(Operators.java:1743) ~[reactor-core-3.7.3.jar!/:3.7.3]
		at reactor.core.publisher.FluxRetryWhen$RetryWhenMainSubscriber.onError(FluxRetryWhen.java:196) ~[reactor-core-3.7.3.jar!/:3.7.3]
		at reactor.core.publisher.MonoCreate$DefaultMonoSink.error(MonoCreate.java:205) ~[reactor-core-3.7.3.jar!/:3.7.3]
		at reactor.netty.http.client.HttpClientConnect$MonoHttpConnect$ClientTransportSubscriber.onError(HttpClientConnect.java:318) ~[reactor-netty-http-1.2.3.jar!/:1.2.3]
		at reactor.core.publisher.MonoCreate$DefaultMonoSink.error(MonoCreate.java:205) ~[reactor-core-3.7.3.jar!/:3.7.3]
		at reactor.netty.resources.DefaultPooledConnectionProvider$DisposableAcquire.onError(DefaultPooledConnectionProvider.java:174) ~[reactor-netty-core-1.2.3.jar!/:1.2.3]
		at reactor.netty.internal.shaded.reactor.pool.AbstractPool$Borrower.fail(AbstractPool.java:479) ~[reactor-netty-core-1.2.3.jar!/:1.2.3]
		at reactor.netty.internal.shaded.reactor.pool.SimpleDequePool.lambda$drainLoop$9(SimpleDequePool.java:443) ~[reactor-netty-core-1.2.3.jar!/:1.2.3]
		at reactor.core.publisher.FluxDoOnEach$DoOnEachSubscriber.onError(FluxDoOnEach.java:186) ~[reactor-core-3.7.3.jar!/:3.7.3]
		at reactor.core.publisher.MonoCreate$DefaultMonoSink.error(MonoCreate.java:205) ~[reactor-core-3.7.3.jar!/:3.7.3]
		at reactor.netty.resources.DefaultPooledConnectionProvider$PooledConnectionAllocator$PooledConnectionInitializer.onError(DefaultPooledConnectionProvider.java:593) ~[reactor-netty-core-1.2.3.jar!/:1.2.3]
		at reactor.core.publisher.MonoFlatMap$FlatMapMain.secondError(MonoFlatMap.java:241) ~[reactor-core-3.7.3.jar!/:3.7.3]
		at reactor.core.publisher.MonoFlatMap$FlatMapInner.onError(MonoFlatMap.java:315) ~[reactor-core-3.7.3.jar!/:3.7.3]
		at reactor.core.publisher.FluxOnErrorResume$ResumeSubscriber.onError(FluxOnErrorResume.java:106) ~[reactor-core-3.7.3.jar!/:3.7.3]
		at reactor.core.publisher.Operators.error(Operators.java:198) ~[reactor-core-3.7.3.jar!/:3.7.3]
		at reactor.core.publisher.MonoError.subscribe(MonoError.java:53) ~[reactor-core-3.7.3.jar!/:3.7.3]
		at reactor.core.publisher.Mono.subscribe(Mono.java:4576) ~[reactor-core-3.7.3.jar!/:3.7.3]
		at reactor.core.publisher.FluxOnErrorResume$ResumeSubscriber.onError(FluxOnErrorResume.java:103) ~[reactor-core-3.7.3.jar!/:3.7.3]
		at reactor.netty.transport.TransportConnector$MonoChannelPromise.tryFailure(TransportConnector.java:576) ~[reactor-netty-core-1.2.3.jar!/:1.2.3]
		at reactor.netty.transport.TransportConnector$MonoChannelPromise.setFailure(TransportConnector.java:522) ~[reactor-netty-core-1.2.3.jar!/:1.2.3]
		at reactor.netty.transport.TransportConnector.lambda$doConnect$7(TransportConnector.java:261) ~[reactor-netty-core-1.2.3.jar!/:1.2.3]
		at io.netty.util.concurrent.DefaultPromise.notifyListener0(DefaultPromise.java:590) ~[netty-common-4.1.118.Final.jar!/:4.1.118.Final]
		at io.netty.util.concurrent.DefaultPromise.notifyListeners0(DefaultPromise.java:583) ~[netty-common-4.1.118.Final.jar!/:4.1.118.Final]
		at io.netty.util.concurrent.DefaultPromise.notifyListenersNow(DefaultPromise.java:559) ~[netty-common-4.1.118.Final.jar!/:4.1.118.Final]
		at io.netty.util.concurrent.DefaultPromise.notifyListeners(DefaultPromise.java:492) ~[netty-common-4.1.118.Final.jar!/:4.1.118.Final]
		at io.netty.util.concurrent.DefaultPromise.setValue0(DefaultPromise.java:636) ~[netty-common-4.1.118.Final.jar!/:4.1.118.Final]
		at io.netty.util.concurrent.DefaultPromise.setFailure0(DefaultPromise.java:629) ~[netty-common-4.1.118.Final.jar!/:4.1.118.Final]
		at io.netty.util.concurrent.DefaultPromise.tryFailure(DefaultPromise.java:118) ~[netty-common-4.1.118.Final.jar!/:4.1.118.Final]
		at io.netty.channel.nio.AbstractNioChannel$AbstractNioUnsafe.fulfillConnectPromise(AbstractNioChannel.java:326) ~[netty-transport-4.1.118.Final.jar!/:4.1.118.Final]
		at io.netty.channel.nio.AbstractNioChannel$AbstractNioUnsafe.finishConnect(AbstractNioChannel.java:342) ~[netty-transport-4.1.118.Final.jar!/:4.1.118.Final]
		at io.netty.channel.nio.NioEventLoop.processSelectedKey(NioEventLoop.java:784) ~[netty-transport-4.1.118.Final.jar!/:4.1.118.Final]
		at io.netty.channel.nio.NioEventLoop.processSelectedKeysOptimized(NioEventLoop.java:732) ~[netty-transport-4.1.118.Final.jar!/:4.1.118.Final]
		at io.netty.channel.nio.NioEventLoop.processSelectedKeys(NioEventLoop.java:658) ~[netty-transport-4.1.118.Final.jar!/:4.1.118.Final]
		at io.netty.channel.nio.NioEventLoop.run(NioEventLoop.java:562) ~[netty-transport-4.1.118.Final.jar!/:4.1.118.Final]
		at io.netty.util.concurrent.SingleThreadEventExecutor$4.run(SingleThreadEventExecutor.java:998) ~[netty-common-4.1.118.Final.jar!/:4.1.118.Final]
		at io.netty.util.internal.ThreadExecutorMap$2.run(ThreadExecutorMap.java:74) ~[netty-common-4.1.118.Final.jar!/:4.1.118.Final]
		at io.netty.util.concurrent.FastThreadLocalRunnable.run(FastThreadLocalRunnable.java:30) ~[netty-common-4.1.118.Final.jar!/:4.1.118.Final]
		at java.base/java.lang.Thread.run(Thread.java:1575) ~[na:na]
	Suppressed: java.lang.Exception: #block terminated with an error
		at reactor.core.publisher.BlockingSingleSubscriber.blockingGet(BlockingSingleSubscriber.java:104) ~[reactor-core-3.7.3.jar!/:3.7.3]
		at reactor.core.publisher.Mono.block(Mono.java:1779) ~[reactor-core-3.7.3.jar!/:3.7.3]
		at org.springframework.boot.actuate.autoconfigure.tracing.zipkin.ZipkinWebClientSender.postSpans(ZipkinWebClientSender.java:58) ~[spring-boot-actuator-autoconfigure-3.4.3.jar!/:3.4.3]
		at org.springframework.boot.actuate.autoconfigure.tracing.zipkin.HttpSender.postSpans(HttpSender.java:69) ~[spring-boot-actuator-autoconfigure-3.4.3.jar!/:3.4.3]
		at org.springframework.boot.actuate.autoconfigure.tracing.zipkin.HttpSender.postSpans(HttpSender.java:41) ~[spring-boot-actuator-autoconfigure-3.4.3.jar!/:3.4.3]
		at zipkin2.reporter.BaseHttpSender.send(BaseHttpSender.java:123) ~[zipkin-reporter-3.4.3.jar!/:na]
		at zipkin2.reporter.internal.AsyncReporter$BoundedAsyncReporter.flush(AsyncReporter.java:266) ~[zipkin-reporter-3.4.3.jar!/:na]
		at zipkin2.reporter.internal.AsyncReporter$Flusher.run(AsyncReporter.java:352) ~[zipkin-reporter-3.4.3.jar!/:na]
		at java.base/java.lang.Thread.run(Thread.java:1575) ~[na:na]
Caused by: io.netty.channel.AbstractChannel$AnnotatedConnectException: Connection refused: getsockopt: localhost/127.0.0.1:9411
Caused by: java.net.ConnectException: Connection refused: getsockopt
	at java.base/sun.nio.ch.Net.pollConnect(Native Method) ~[na:na]
	at java.base/sun.nio.ch.Net.pollConnectNow(Net.java:682) ~[na:na]
	at java.base/sun.nio.ch.SocketChannelImpl.finishConnect(SocketChannelImpl.java:1062) ~[na:na]
	at io.netty.channel.socket.nio.NioSocketChannel.doFinishConnect(NioSocketChannel.java:336) ~[netty-transport-4.1.118.Final.jar!/:4.1.118.Final]
	at io.netty.channel.nio.AbstractNioChannel$AbstractNioUnsafe.finishConnect(AbstractNioChannel.java:339) ~[netty-transport-4.1.118.Final.jar!/:4.1.118.Final]
	at io.netty.channel.nio.NioEventLoop.processSelectedKey(NioEventLoop.java:784) ~[netty-transport-4.1.118.Final.jar!/:4.1.118.Final]
	at io.netty.channel.nio.NioEventLoop.processSelectedKeysOptimized(NioEventLoop.java:732) ~[netty-transport-4.1.118.Final.jar!/:4.1.118.Final]
	at io.netty.channel.nio.NioEventLoop.processSelectedKeys(NioEventLoop.java:658) ~[netty-transport-4.1.118.Final.jar!/:4.1.118.Final]
	at io.netty.channel.nio.NioEventLoop.run(NioEventLoop.java:562) ~[netty-transport-4.1.118.Final.jar!/:4.1.118.Final]
	at io.netty.util.concurrent.SingleThreadEventExecutor$4.run(SingleThreadEventExecutor.java:998) ~[netty-common-4.1.118.Final.jar!/:4.1.118.Final]
	at io.netty.util.internal.ThreadExecutorMap$2.run(ThreadExecutorMap.java:74) ~[netty-common-4.1.118.Final.jar!/:4.1.118.Final]
	at io.netty.util.concurrent.FastThreadLocalRunnable.run(FastThreadLocalRunnable.java:30) ~[netty-common-4.1.118.Final.jar!/:4.1.118.Final]
	at java.base/java.lang.Thread.run(Thread.java:1575) ~[na:na]

2026-02-15T22:13:08.906+07:00  INFO 1824 --- [order-service] [nio-8083-exec-1] [                                                 ] o.a.c.c.C.[Tomcat].[localhost].[/]       : Initializing Spring DispatcherServlet 'dispatcherServlet'
2026-02-15T22:13:08.907+07:00  INFO 1824 --- [order-service] [nio-8083-exec-1] [                                                 ] o.s.web.servlet.DispatcherServlet        : Initializing Servlet 'dispatcherServlet'
2026-02-15T22:13:08.911+07:00  INFO 1824 --- [order-service] [nio-8083-exec-1] [                                                 ] o.s.web.servlet.DispatcherServlet        : Completed initialization in 3 ms
Hibernate: select o1_0.id,o1_0.created_at,o1_0.delivered_at,o1_0.failed_delivery_attempts,o1_0.failed_delivery_reason,o1_0.is_delivered,o1_0.is_paid,o1_0.items_price,o1_0.paid_at,o1_0.payment_method,o1_0.payment_email_address,o1_0.payment_id,o1_0.payment_status,o1_0.payment_update_time,o1_0.paypal_order_id,o1_0.city,o1_0.country,o1_0.first_name,o1_0.last_name,o1_0.phone,o1_0.state,o1_0.street,o1_0.zip_code,o1_0.shipping_price,o1_0.status,o1_0.stripe_client_secret,o1_0.tax_price,o1_0.total_amount,o1_0.updated_at,o1_0.user_id from orders o1_0 where o1_0.id=?
Hibernate: select i1_0.order_id,i1_0.id,i1_0.price,i1_0.product_id,i1_0.product_image,i1_0.product_name,i1_0.quantity from order_item i1_0 where i1_0.order_id=?
Hibernate: insert into return_requests (approved_at,approved_by,created_at,order_id,product_id,reason,refund_amount,rejection_reason,seller_id,status,updated_at,user_id) values (?,?,?,?,?,?,?,?,?,?,?,?)
Hibernate: insert into return_photos (return_request_id,photo_url) values (?,?)
Hibernate: select o1_0.id,o1_0.created_at,o1_0.delivered_at,o1_0.failed_delivery_attempts,o1_0.failed_delivery_reason,o1_0.is_delivered,o1_0.is_paid,o1_0.items_price,o1_0.paid_at,o1_0.payment_method,o1_0.payment_email_address,o1_0.payment_id,o1_0.payment_status,o1_0.payment_update_time,o1_0.paypal_order_id,o1_0.city,o1_0.country,o1_0.first_name,o1_0.last_name,o1_0.phone,o1_0.state,o1_0.street,o1_0.zip_code,o1_0.shipping_price,o1_0.status,o1_0.stripe_client_secret,o1_0.tax_price,o1_0.total_amount,o1_0.updated_at,o1_0.user_id from orders o1_0 where o1_0.id=?
Hibernate: select i1_0.order_id,i1_0.id,i1_0.price,i1_0.product_id,i1_0.product_image,i1_0.product_name,i1_0.quantity from order_item i1_0 where i1_0.order_id=?
Hibernate: insert into return_requests (approved_at,approved_by,created_at,order_id,product_id,reason,refund_amount,rejection_reason,seller_id,status,updated_at,user_id) values (?,?,?,?,?,?,?,?,?,?,?,?)
Hibernate: insert into return_photos (return_request_id,photo_url) values (?,?)
Hibernate: select rr1_0.id,rr1_0.approved_at,rr1_0.approved_by,rr1_0.created_at,rr1_0.order_id,rr1_0.product_id,rr1_0.reason,rr1_0.refund_amount,rr1_0.rejection_reason,rr1_0.seller_id,rr1_0.status,rr1_0.updated_at,rr1_0.user_id from return_requests rr1_0 where rr1_0.user_id=? order by rr1_0.created_at desc fetch first ? rows only
2026-02-15T22:14:29.611+07:00  WARN 1824 --- [order-service] [nio-8083-exec-5] [6991e2d56e8ae0d53b521b20a08c5860-3ac13273c61ba98a] ration$PageModule$WarningLoggingModifier : Serializing PageImpl instances as-is is not supported, meaning that there is no guarantee about the stability of the resulting JSON structure!
	For a stable JSON structure, please use Spring Data's PagedModel (globally via @EnableSpringDataWebSupport(pageSerializationMode = VIA_DTO))
	or Spring HATEOAS and Spring Data's PagedResourcesAssembler as documented in https://docs.spring.io/spring-data/commons/reference/repositories/core-extensions.html#core.web.pageables.

Hibernate: select p1_0.return_request_id,p1_0.photo_url from return_photos p1_0 where p1_0.return_request_id=?
Hibernate: select p1_0.return_request_id,p1_0.photo_url from return_photos p1_0 where p1_0.return_request_id=?
2026-02-15T22:17:58.801+07:00  INFO 1824 --- [order-service] [rap-executor-%d] [                                                 ] c.n.d.s.r.aws.ConfigClusterResolver      : Resolving eureka endpoints via configuration
